// Jest Snapshot v1, https://goo.gl/fbAQLP

exports[`Pruebas en <GifApp /> Deber√≠a... 1`] = `
<div>
  <h1>
    GifApp
  </h1>
  <form
    aria-label="form"
  >
    <input
      placeholder="search gif"
      type="text"
      value=""
    />
  </form>
  <h3>
    cats
  </h3>
  <h3>
    Cargando...
  </h3>
  <div
    class="card-grid"
  />
</div>
`;
