// Jest Snapshot v1, https://goo.gl/fbAQLP

exports[`Pruebas en <AddCategory /> Debe hacer match con el snapshot 1`] = `
<div>
  <form>
    <input
      placeholder="search gif"
      type="text"
      value=""
    />
  </form>
</div>
`;
