// Jest Snapshot v1, https://goo.gl/fbAQLP

exports[`Prueba para <GifItem /> Debe hacer match con el snapshot 1`] = `
<div>
  <div
    class="card"
  >
    <img
      alt="Probando Título"
      src="http://probando_url.jpg/"
    />
    <p>
      Probando Título
    </p>
  </div>
</div>
`;
