// Jest Snapshot v1, https://goo.gl/fbAQLP

exports[`Pruebas en <FirstComponent /> debe hacer match con el snapshot 1`] = `
<div>
  <div>
    <h1>
      FirstComponent
    </h1>
    <h2>
      Hola, soy tu padre
    </h2>
    <p />
    <p />
  </div>
</div>
`;
